// Jest Snapshot v1, https://goo.gl/fbAQLP

exports[`QuoterV2 quotes #quoteExactInput 0 -> 2 -> 1 1`] = `311010`;

exports[`QuoterV2 quotes #quoteExactInput 0 -> 2 cross 0 tick, starting tick initialized 1`] = `142834`;

exports[`QuoterV2 quotes #quoteExactInput 0 -> 2 cross 0 tick, starting tick not initialized 1`] = `119929`;

exports[`QuoterV2 quotes #quoteExactInput 0 -> 2 cross 1 tick 1`] = `164085`;

exports[`QuoterV2 quotes #quoteExactInput 0 -> 2 cross 2 tick 1`] = `202064`;

exports[`QuoterV2 quotes #quoteExactInput 0 -> 2 cross 2 tick where after is initialized 1`] = `164123`;

exports[`QuoterV2 quotes #quoteExactInput 2 -> 0 cross 0 tick, starting tick initialized 1`] = `116275`;

exports[`QuoterV2 quotes #quoteExactInput 2 -> 0 cross 0 tick, starting tick not initialized 1`] = `112375`;

exports[`QuoterV2 quotes #quoteExactInput 2 -> 0 cross 2 1`] = `194500`;

exports[`QuoterV2 quotes #quoteExactInput 2 -> 0 cross 2 where tick after is initialized 1`] = `194508`;

exports[`QuoterV2 quotes #quoteExactInput 2 -> 1 1`] = `115950`;

exports[`QuoterV2 quotes #quoteExactInputSingle 0 -> 2 1`] = `202046`;

exports[`QuoterV2 quotes #quoteExactInputSingle 2 -> 0 1`] = `194472`;

exports[`QuoterV2 quotes #quoteExactOutput 0 -> 2 -> 1 1`] = `310610`;

exports[`QuoterV2 quotes #quoteExactOutput 0 -> 2 cross 0 tick starting tick initialized 1`] = `142353`;

exports[`QuoterV2 quotes #quoteExactOutput 0 -> 2 cross 0 tick starting tick not initialized 1`] = `119468`;

exports[`QuoterV2 quotes #quoteExactOutput 0 -> 2 cross 1 tick 1`] = `163335`;

exports[`QuoterV2 quotes #quoteExactOutput 0 -> 2 cross 2 tick 1`] = `201070`;

exports[`QuoterV2 quotes #quoteExactOutput 0 -> 2 cross 2 where tick after is initialized 1`] = `163373`;

exports[`QuoterV2 quotes #quoteExactOutput 2 -> 0 cross 1 tick 1`] = `156879`;

exports[`QuoterV2 quotes #quoteExactOutput 2 -> 0 cross 2 ticks 1`] = `194606`;

exports[`QuoterV2 quotes #quoteExactOutput 2 -> 0 cross 2 where tick after is initialized 1`] = `194600`;

exports[`QuoterV2 quotes #quoteExactOutput 2 -> 1 1`] = `116527`;

exports[`QuoterV2 quotes #quoteExactOutputSingle 0 -> 1 1`] = `124149`;

exports[`QuoterV2 quotes #quoteExactOutputSingle 1 -> 0 1`] = `117132`;
